// Jest Snapshot v1, https://goo.gl/fbAQLP

exports[`should render Expenses summary for multiple expenses 1`] = `
<h1>
  Viewing 
  3
   expense(s) totalling 
  $15.00
</h1>
`;

exports[`should render Expenses summary for single expense 1`] = `
<h1>
  Viewing 
  1
   expense(s) totalling 
  $15.00
</h1>
`;
